PHPUnit 10.5.64 by Sebastian Bergmann and contributors.

Runtime:       PHP 8.2.12
Configuration: C:\xampp\htdocs\WorkEddy\v2\phpunit.xml

...............................................................  63 / 137 ( 45%)
..........E..................................F........FFF...... 126 / 137 ( 91%)
..F.EE.....                                                     137 / 137 (100%)

Time: 00:03.717, Memory: 32.00 MB

There were 3 errors:

1) WorkEddy\Tests\Export\ExportModuleTest::test_generate_research_export_bypasses_generic_storage_upload_type_restrictions
Doctrine\DBAL\Exception\TableNotFoundException: An exception occurred while executing a query: SQLSTATE[HY000]: General error: 1 no such table: users

C:\xampp\htdocs\WorkEddy\v2\vendor\doctrine\dbal\src\Driver\API\SQLite\ExceptionConverter.php:52
C:\xampp\htdocs\WorkEddy\v2\vendor\doctrine\dbal\src\Connection.php:1976
C:\xampp\htdocs\WorkEddy\v2\vendor\doctrine\dbal\src\Connection.php:1918
C:\xampp\htdocs\WorkEddy\v2\vendor\doctrine\dbal\src\Connection.php:1111
C:\xampp\htdocs\WorkEddy\v2\vendor\doctrine\dbal\src\Connection.php:593
C:\xampp\htdocs\WorkEddy\v2\modules\Storage\Infrastructure\StorageRepository.php:72
C:\xampp\htdocs\WorkEddy\v2\modules\Storage\Infrastructure\StorageRepository.php:60
C:\xampp\htdocs\WorkEddy\v2\modules\Storage\Infrastructure\StorageService.php:64
C:\xampp\htdocs\WorkEddy\v2\modules\Export\Application\UseCases\GenerateResearchExportUseCase.php:82
C:\xampp\htdocs\WorkEddy\v2\tests\Export\ExportModuleTest.php:223

Caused by
Doctrine\DBAL\Driver\PDO\Exception: SQLSTATE[HY000]: General error: 1 no such table: users

C:\xampp\htdocs\WorkEddy\v2\vendor\doctrine\dbal\src\Driver\PDO\Exception.php:24
C:\xampp\htdocs\WorkEddy\v2\vendor\doctrine\dbal\src\Driver\PDO\Connection.php:64
C:\xampp\htdocs\WorkEddy\v2\vendor\doctrine\dbal\src\Connection.php:1100
C:\xampp\htdocs\WorkEddy\v2\vendor\doctrine\dbal\src\Connection.php:593
C:\xampp\htdocs\WorkEddy\v2\modules\Storage\Infrastructure\StorageRepository.php:72
C:\xampp\htdocs\WorkEddy\v2\modules\Storage\Infrastructure\StorageRepository.php:60
C:\xampp\htdocs\WorkEddy\v2\modules\Storage\Infrastructure\StorageService.php:64
C:\xampp\htdocs\WorkEddy\v2\modules\Export\Application\UseCases\GenerateResearchExportUseCase.php:82
C:\xampp\htdocs\WorkEddy\v2\tests\Export\ExportModuleTest.php:223

Caused by
PDOException: SQLSTATE[HY000]: General error: 1 no such table: users

C:\xampp\htdocs\WorkEddy\v2\vendor\doctrine\dbal\src\Driver\PDO\Connection.php:59
C:\xampp\htdocs\WorkEddy\v2\vendor\doctrine\dbal\src\Connection.php:1100
C:\xampp\htdocs\WorkEddy\v2\vendor\doctrine\dbal\src\Connection.php:593
C:\xampp\htdocs\WorkEddy\v2\modules\Storage\Infrastructure\StorageRepository.php:72
C:\xampp\htdocs\WorkEddy\v2\modules\Storage\Infrastructure\StorageRepository.php:60
C:\xampp\htdocs\WorkEddy\v2\modules\Storage\Infrastructure\StorageService.php:64
C:\xampp\htdocs\WorkEddy\v2\modules\Export\Application\UseCases\GenerateResearchExportUseCase.php:82
C:\xampp\htdocs\WorkEddy\v2\tests\Export\ExportModuleTest.php:223

2) WorkEddy\Tests\Website\PublicWebsiteDesignTest::testSubmitContactFormValidatesInputs
PHPUnit\Framework\MockObject\Generator\ClassIsFinalException: Class "WorkEddy\Platform\Settings\SettingsService" is declared "final" and cannot be doubled

C:\xampp\htdocs\WorkEddy\v2\tests\Website\PublicWebsiteDesignTest.php:162

3) WorkEddy\Tests\Website\PublicWebsiteDesignTest::testSubmitContactFormSendsAdminAndAcknowledgementEmails
PHPUnit\Framework\MockObject\Generator\ClassIsFinalException: Class "WorkEddy\Platform\Settings\SettingsService" is declared "final" and cannot be doubled

C:\xampp\htdocs\WorkEddy\v2\tests\Website\PublicWebsiteDesignTest.php:202

--

There were 5 failures:

1) WorkEddy\Tests\Privacy\PrivacyModuleTest::test_required_privacy_statement_appears_before_sensitive_submission
C:\xampp\htdocs\WorkEddy\v2\tests\Privacy/../../modules/Assessment/Presentation/Views/video_capture.php
Failed asserting that '<?php\r\n
\r\n
declare(strict_types=1);\r\n
\r\n
$v2Root = dirname(__DIR__, 4);\r\n
$pageTitle = 'Task Video Capture';\r\n
$pagePurpose = 'Upload consented task video and queue reviewer-safe processing.';\r\n
$breadcrumbs = [\r\n
    ['label' => 'Assessments', 'url' => '/assessments'],\r\n
    ['label' => 'Video Capture', 'url' => null],\r\n
];\r\n
$pageActions = [\r\n
    ['label' => 'Assessments', 'url' => '/assessments', 'class' => 'btn btn-outline-secondary', 'icon' => 'list-ul'],\r\n
    ['label' => 'New manual', 'url' => '/assessments/new-manual', 'class' => 'btn btn-outline-secondary', 'icon' => 'plus-lg'],\r\n
];\r\n
require $v2Root . '/shared/Views/Partials/page_header.php';\r\n
\r\n
$organizationUuid = (string) ($organizationUuid ?? '');\r\n
$preselectedTask = (string) (($query['task'] ?? '') ?: '');\r\n
$videoCaptureConfig = is_array($videoCaptureConfig ?? null) ? $videoCaptureConfig : [];\r\n
\r\n
$helpIcon = static function (string $text): string {\r\n
    return '<button type="button" class="btn btn-sm btn-icon text-muted p-0 ms-1 align-baseline" data-bs-toggle="tooltip" data-bs-placement="top" title="' . htmlspecialchars($text, ENT_QUOTES, 'UTF-8') . '" aria-label="Help"><i class="bi bi-question-circle"></i></button>';\r\n
};\r\n
\r\n
$configJson = json_encode($videoCaptureConfig, JSON_HEX_TAG | JSON_HEX_APOS | JSON_HEX_AMP | JSON_HEX_QUOT);\r\n
?>\r\n
\r\n
<section\r\n
    class="row g-4"\r\n
    id="assessmentVideoCapture"\r\n
    data-organization-uuid="<?= htmlspecialchars($organizationUuid, ENT_QUOTES, 'UTF-8') ?>"\r\n
    data-task="<?= htmlspecialchars($preselectedTask, ENT_QUOTES, 'UTF-8') ?>"\r\n
    data-video-config="<?= htmlspecialchars((string) $configJson, ENT_QUOTES, 'UTF-8') ?>">\r\n
    <div class="col-12 col-xl-7">\r\n
        <div class="card h-100 assessment-video-capture-card">\r\n
            <div class="card-body">\r\n
                <div id="assessmentVideoCaptureAlert" class="d-none"></div>\r\n
\r\n
                <form id="assessmentVideoCaptureForm" enctype="multipart/form-data" novalidate>\r\n
                    <div class="row g-3">\r\n
                        <div class="col-12">\r\n
                            <label class="form-label" for="taskContext">Task<?= $helpIcon('Choose the work activity being captured in this video.') ?></label>\r\n
                            <select class="form-select" id="taskContext" name="taskContext">\r\n
                                <option value="">Loading tasks...</option>\r\n
                            </select>\r\n
                        </div>\r\n
                    </div>\r\n
                    <input type="hidden" id="videoAssessmentModel" name="model" value="">\r\n
\r\n
                    <div class="mt-4">\r\n
                        <label class="form-label d-block mb-2">Capture method<?= $helpIcon('Upload an existing file or record a new video on this device.') ?></label>\r\n
                        <div class="btn-group assessment-video-method-group w-100" role="group" aria-label="Capture method">\r\n
                            <input class="btn-check" type="radio" name="videoSourceMode" id="videoSourceUpload" value="upload" checked>\r\n
                            <label class="btn btn-outline-secondary" for="videoSourceUpload">Upload video</label>\r\n
\r\n
                            <input class="btn-check" type="radio" name="videoSourceMode" id="videoSourceRecord" value="record">\r\n
                            <label class="btn btn-outline-secondary" for="videoSourceRecord">Record video</label>\r\n
                        </div>\r\n
                    </div>\r\n
\r\n
                    <div id="videoValidationMessage" class="mt-3"></div>\r\n
\r\n
                    <div class="mt-4">\r\n
                        <div id="uploadCapturePanel" class="assessment-capture-panel">\r\n
                            <div id="uploadDropzone" class="assessment-upload-dropzone" tabindex="0" role="button" aria-controls="videoFile">\r\n
                                <div class="assessment-upload-dropzone__icon">\r\n
                                    <i class="bi bi-cloud-arrow-up"></i>\r\n
                                </div>\r\n
                                <div class="fw-semibold">Drag and drop video here</div>\r\n
                                <div class="text-muted small">or click to browse</div>\r\n
                                <div class="text-muted small mt-2" id="videoLimitsHelper">Accepted formats and limits load from your workspace settings.</div>\r\n
                            </div>\r\n
                            <input class="d-none" id="videoFile" name="file" type="file" accept="video/mp4,video/quicktime,video/webm">\r\n
\r\n
                            <div class="assessment-selection-summary d-none mt-3" id="selectedVideoSummary">\r\n
                                <div>\r\n
                                    <div class="fw-semibold">Selected video</div>\r\n
                                    <div class="text-muted small" id="selectedVideoName">No file selected</div>\r\n
                                    <div class="text-muted small" id="selectedVideoMeta"></div>\r\n
                                </div>\r\n
                                <button type="button" class="btn btn-outline-secondary btn-sm" id="removeSelectedVideo">Remove</button>\r\n
                            </div>\r\n
                        </div>\r\n
\r\n
                        <div id="recordCapturePanel" class="assessment-capture-panel d-none">\r\n
                            <div class="assessment-record-panel">\r\n
                                <div class="assessment-record-preview">\r\n
                                    <video id="recordingPreview" class="assessment-record-preview__video d-none" autoplay muted playsinline></video>\r\n
                                    <div class="assessment-record-preview__placeholder" id="recordingPreviewPlaceholder">\r\n
                                        <i class="bi bi-camera-video"></i>\r\n
                                        <span>Camera not started</span>\r\n
                                    </div>\r\n
                                </div>\r\n
                                <div class="assessment-record-panel__actions">\r\n
                                    <div class="d-flex flex-wrap gap-2">\r\n
                                        <button type="button" class="btn btn-danger" id="recordToggleBtn" disabled>Start recording</button>\r\n
                                        <button type="button" class="btn btn-outline-secondary d-none" id="discardRecordingBtn">Discard</button>\r\n
                                    </div>\r\n
                                    <div class="small text-muted" id="recordingStateText">Camera not started</div>\r\n
                                    <div class="d-flex flex-wrap gap-3 small">\r\n
                                        <span><strong>Elapsed:</strong> <span id="recordingElapsedText">00:00</span></span>\r\n
                                        <span><strong>Limit:</strong> <span id="recordingLimitText">Loading...</span></span>\r\n
                                    </div>\r\n
                                </div>\r\n
                            </div>\r\n
                        </div>\r\n
                    </div>\r\n
\r\n
                    <div class="border rounded-3 p-3 mt-4">\r\n
                        <div class="form-check mb-3">\r\n
                            <input class="form-check-input" id="acceptedNotice" name="acceptedNotice" type="checkbox" value="1" required>\r\n
                            <label class="form-check-label" for="acceptedNotice">I confirm the worker consent and upload notice were accepted.<?= $helpIcon('Submission is blocked until this confirmation is checked.') ?></label>\r\n
                        </div>\r\n
                        <div class="form-check">\r\n
                            <input class="form-check-input" id="faceBlurRequested" name="faceBlurRequested" type="checkbox" value="1" checked>\r\n
                            <label class="form-check-label" for="faceBlurRequested">Blur faces before reviewer access<?= $helpIcon('Faces will be blurred in the reviewer playback version when processing completes.') ?></label>\r\n
                            <div class="text-muted small mt-1">Faces will be blurred in the reviewer playback version when processing completes.</div>\r\n
                        </div>\r\n
                    </div>\r\n
\r\n
                    <div class="mt-4">\r\n
                        <button type="submit" class="btn btn-primary" id="submitVideoCapture">Upload and queue processing</button>\r\n
                    </div>\r\n
                </form>\r\n
            </div>\r\n
        </div>\r\n
    </div>\r\n
\r\n
    <div class="col-12 col-xl-5">\r\n
        <div class="card h-100 assessment-video-status-card">\r\n
            <div class="card-header">\r\n
                <p class="text-muted small mb-0">Preview, validation, upload progress, and processing queue state update here.</p>\r\n
            </div>\r\n
            <div class="card-body d-flex flex-column gap-3">\r\n
                <div class="assessment-preview-shell" id="videoPreviewShell">\r\n
                    <video id="videoPreview" class="assessment-preview-shell__video d-none" controls preload="metadata" playsinline></video>\r\n
                    <div class="assessment-preview-shell__placeholder" id="videoPreviewPlaceholder">\r\n
                        <i class="bi bi-camera-video"></i>\r\n
                        <span>Select or record a video to preview it here.</span>\r\n
                    </div>\r\n
                </div>\r\n
\r\n
                <div class="d-none" id="uploadProgressWrap">\r\n
                    <div class="d-flex justify-content-between align-items-center small mb-2">\r\n
                        <span class="fw-semibold">Upload progress</span>\r\n
                        <span id="uploadProgressText">0%</span>\r\n
                    </div>\r\n
                    <div class="progress" style="height: 0.5rem;">\r\n
                        <div class="progress-bar" id="uploadProgressBar" role="progressbar" style="width: 0%"></div>\r\n
                    </div>\r\n
                </div>\r\n
\r\n
                <dl class="row small mb-0" id="videoCaptureStatus">\r\n
                    <dt class="col-5">Task</dt>\r\n
                    <dd class="col-7 text-muted">Waiting</dd>\r\n
                    <dt class="col-5">Model</dt>\r\n
                    <dd class="col-7 text-muted">Not selected</dd>\r\n
                    <dt class="col-5">Capture</dt>\r\n
                    <dd class="col-7 text-muted">Upload video</dd>\r\n
                    <dt class="col-5">Consent</dt>\r\n
                    <dd class="col-7 text-muted">Not confirmed</dd>\r\n
                    <dt class="col-5">Video</dt>\r\n
                    <dd class="col-7 text-muted">Not selected</dd>\r\n
                    <dt class="col-5">Upload</dt>\r\n
                    <dd class="col-7 text-muted">Idle</dd>\r\n
                    <dt class="col-5">Processing</dt>\r\n
                    <dd class="col-7 text-muted">Not queued</dd>\r\n
                    <dt class="col-5">Job</dt>\r\n
                    <dd class="col-7 text-muted">Not available</dd>\r\n
                </dl>\r\n
            </div>\r\n
        </div>\r\n
    </div>\r\n
</section>' [ASCII](length: 11007) contains "WorkEddy is designed for ergonomic risk prevention and safety improvement, not worker discipline or productivity surveillance." [ASCII](length: 126).

C:\xampp\htdocs\WorkEddy\v2\tests\Privacy\PrivacyModuleTest.php:171

2) WorkEddy\Tests\Shared\SidebarActiveStateTest::testAssessmentDetailPathActivatesAssessmentsMenu
Failed asserting that '<aside id="layout-menu" class="layout-menu menu-vertical menu bg-menu-theme">\r\n
\r\n
    <!-- Brand -->\r\n
    <div class="app-brand demo">\r\n
        <a href="/dashboard" class="app-brand-link">\r\n
            <span class="app-brand-logo demo">\r\n
                <img src="/assets/img/logo.png" alt="WorkEddy" style="max-height: 32px; width: auto;" />\r\n
            </span>\r\n
            <span class="app-brand-text demo menu-text fw-bold ms-2">WorkEddy</span>\r\n
        </a>\r\n
        <a href="javascript:void(0);" class="layout-menu-toggle menu-link text-large ms-auto" id="sidebarDesktopToggle" aria-label="Collapse menu">\r\n
            <i class="bi bi-chevron-left"></i>\r\n
        </a>\r\n
    </div>\r\n
\r\n
    <div class="menu-inner-shadow"></div>\r\n
\r\n
    <!-- Menu -->\r\n
    <ul class="menu-inner py-1">\r\n
\r\n
        <!-- ΓòÉΓòÉΓòÉΓòÉΓòÉΓòÉΓòÉΓòÉΓòÉΓòÉΓòÉ MAIN ΓòÉΓòÉΓòÉΓòÉΓòÉΓòÉΓòÉΓòÉΓòÉΓòÉΓòÉ -->\r\n
        <li class="menu-header small text-uppercase text-muted fw-semibold">Main</li>\r\n
\r\n
        <li class="menu-item">\r\n
            <a class="menu-link" href="/dashboard">\r\n
                <i class="menu-icon icon-base bi bi-grid-1x2"></i>\r\n
                <div data-i18n="Dashboard">Dashboard</div>\r\n
            </a>\r\n
        </li>\r\n
\r\n
        <!-- ΓòÉΓòÉΓòÉΓòÉΓòÉΓòÉΓòÉΓòÉΓòÉΓòÉΓòÉ SAFETY ΓòÉΓòÉΓòÉΓòÉΓòÉΓòÉΓòÉΓòÉΓòÉΓòÉΓòÉ -->\r\n
        <li class="menu-header small text-uppercase text-muted fw-semibold">Safety</li>\r\n
\r\n
        <!-- Assessments ΓÇö dropdown -->\r\n
                <li class="menu-item active open">\r\n
            <a href="javascript:void(0);" class="menu-link menu-toggle">\r\n
                <i class="menu-icon icon-base bi bi-clipboard-pulse"></i>\r\n
                <div data-i18n="Assessments">Assessments</div>\r\n
\r\n
            </a>\r\n
            <ul class="menu-sub">\r\n
                <li class="menu-item active">\r\n
                    <a class="menu-link" href="/assessments">\r\n
                        All Assessments\r\n
                    </a>\r\n
                </li>\r\n
                <li class="menu-item">\r\n
                    <a class="menu-link" href="/assessments/new-manual">\r\n
                        New Manual\r\n
                    </a>\r\n
                </li>\r\n
                <li class="menu-item">\r\n
                    <a class="menu-link" href="/assessments/video">\r\n
                        Capture Video\r\n
                    </a>\r\n
                </li>\r\n
                <li class="menu-item">\r\n
                    <a class="menu-link" href="/assessments/reviewer-queue">\r\n
                        Review Queue\r\n
                    </a>\r\n
                </li>\r\n
            </ul>\r\n
        </li>\r\n
\r\n
        <!-- Corrective Actions ΓÇö dropdown -->\r\n
                <li class="menu-item">\r\n
            <a href="javascript:void(0);" class="menu-link menu-toggle">\r\n
                <i class="menu-icon icon-base bi bi-check2-square"></i>\r\n
                <div data-i18n="Corrective Actions">Corrective Actions</div>\r\n
\r\n
            </a>\r\n
            <ul class="menu-sub d-none">\r\n
                <li class="menu-item">\r\n
                    <a class="menu-link" href="/corrective-actions/controls">\r\n
                        Controls\r\n
                    </a>\r\n
                </li>\r\n
                <li class="menu-item">\r\n
                    <a class="menu-link" href="/corrective-actions">\r\n
                        Actions\r\n
                    </a>\r\n
                </li>\r\n
                <li class="menu-item">\r\n
                    <a class="menu-link" href="/corrective-actions/recommendations">\r\n
                        Recommendations\r\n
                    </a>\r\n
                </li>\r\n
            </ul>\r\n
        </li>\r\n
\r\n
        <!-- Tasks ΓÇö single link -->\r\n
        <li class="menu-item">\r\n
            <a class="menu-link" href="/tasks">\r\n
                <i class="menu-icon icon-base bi bi-list-task"></i>\r\n
                <div data-i18n="Tasks">Tasks</div>\r\n
            </a>\r\n
        </li>\r\n
\r\n
        \r\n
        <!-- ΓòÉΓòÉΓòÉΓòÉΓòÉΓòÉΓòÉΓòÉΓòÉΓòÉΓòÉ INSIGHTS ΓòÉΓòÉΓòÉΓòÉΓòÉΓòÉΓòÉΓòÉΓòÉΓòÉΓòÉ -->\r\n
        <li class="menu-header small text-uppercase text-muted fw-semibold">Insights</li>\r\n
\r\n
        <!-- Reporting ΓÇö dropdown -->\r\n
        \r\n
        <!-- ΓòÉΓòÉΓòÉΓòÉΓòÉΓòÉΓòÉΓòÉΓòÉΓòÉΓòÉ WORKSPACE ΓòÉΓòÉΓòÉΓòÉΓòÉΓòÉΓòÉΓòÉΓòÉΓòÉΓòÉ -->\r\n
        \r\n
        \r\n
        <!-- ΓòÉΓòÉΓòÉΓòÉΓòÉΓòÉΓòÉΓòÉΓòÉΓòÉΓòÉ ACCOUNT ΓòÉΓòÉΓòÉΓòÉΓòÉΓòÉΓòÉΓòÉΓòÉΓòÉΓòÉ -->\r\n
        <li class="menu-header small text-uppercase text-muted fw-semibold">Account</li>\r\n
\r\n
        <li class="menu-item">\r\n
            <a class="menu-link" href="/profile">\r\n
                <i class="menu-icon icon-base bi bi-person-circle"></i>\r\n
                <div data-i18n="My Profile">My Profile</div>\r\n
            </a>\r\n
        </li>\r\n
\r\n
        <li class="menu-item">\r\n
            <a class="menu-link" href="/subscriptions">\r\n
                <i class="menu-icon icon-base bi bi-credit-card"></i>\r\n
                <div data-i18n="Subscription">Subscription</div>\r\n
            </a>\r\n
        </li>\r\n
\r\n
        <!-- ΓòÉΓòÉΓòÉΓòÉΓòÉΓòÉΓòÉΓòÉΓòÉΓòÉΓòÉ ADMINISTRATION (super_admin + admin) ΓòÉΓòÉΓòÉΓòÉΓòÉΓòÉΓòÉΓòÉΓòÉΓòÉΓòÉ -->\r\n
        \r\n
        <!-- ΓòÉΓòÉΓòÉΓòÉΓòÉΓòÉΓòÉΓòÉΓòÉΓòÉΓòÉ PLATFORM (super_admin only) ΓòÉΓòÉΓòÉΓòÉΓòÉΓòÉΓòÉΓòÉΓòÉΓòÉΓòÉ -->\r\n
        \r\n
    </ul>\r\n
</aside>' matches PCRE pattern "/<li class="menu-item active open">\s*<a href="javascript:void\(0\);" class="menu-link menu-toggle">\s*<i class="menu-icon bi bi-clipboard-pulse"><\/i>\s*<div data-i18n="Assessments">Assessments<\/div>/s".

C:\xampp\htdocs\WorkEddy\v2\tests\Shared\SidebarActiveStateTest.php:22

3) WorkEddy\Tests\Shared\SidebarActiveStateTest::testWorkerVoiceRoutePathActivatesSupervisorTrendsItem
Failed asserting that '<aside id="layout-menu" class="layout-menu menu-vertical menu bg-menu-theme">\r\n
\r\n
    <!-- Brand -->\r\n
    <div class="app-brand demo">\r\n
        <a href="/dashboard" class="app-brand-link">\r\n
            <span class="app-brand-logo demo">\r\n
                <img src="/assets/img/logo.png" alt="WorkEddy" style="max-height: 32px; width: auto;" />\r\n
            </span>\r\n
            <span class="app-brand-text demo menu-text fw-bold ms-2">WorkEddy</span>\r\n
        </a>\r\n
        <a href="javascript:void(0);" class="layout-menu-toggle menu-link text-large ms-auto" id="sidebarDesktopToggle" aria-label="Collapse menu">\r\n
            <i class="bi bi-chevron-left"></i>\r\n
        </a>\r\n
    </div>\r\n
\r\n
    <div class="menu-inner-shadow"></div>\r\n
\r\n
    <!-- Menu -->\r\n
    <ul class="menu-inner py-1">\r\n
\r\n
        <!-- ΓòÉΓòÉΓòÉΓòÉΓòÉΓòÉΓòÉΓòÉΓòÉΓòÉΓòÉ MAIN ΓòÉΓòÉΓòÉΓòÉΓòÉΓòÉΓòÉΓòÉΓòÉΓòÉΓòÉ -->\r\n
        <li class="menu-header small text-uppercase text-muted fw-semibold">Main</li>\r\n
\r\n
        <li class="menu-item">\r\n
            <a class="menu-link" href="/dashboard">\r\n
                <i class="menu-icon icon-base bi bi-grid-1x2"></i>\r\n
                <div data-i18n="Dashboard">Dashboard</div>\r\n
            </a>\r\n
        </li>\r\n
\r\n
        <!-- ΓòÉΓòÉΓòÉΓòÉΓòÉΓòÉΓòÉΓòÉΓòÉΓòÉΓòÉ SAFETY ΓòÉΓòÉΓòÉΓòÉΓòÉΓòÉΓòÉΓòÉΓòÉΓòÉΓòÉ -->\r\n
        <li class="menu-header small text-uppercase text-muted fw-semibold">Safety</li>\r\n
\r\n
        <!-- Assessments ΓÇö dropdown -->\r\n
                <li class="menu-item">\r\n
            <a href="javascript:void(0);" class="menu-link menu-toggle">\r\n
                <i class="menu-icon icon-base bi bi-clipboard-pulse"></i>\r\n
                <div data-i18n="Assessments">Assessments</div>\r\n
\r\n
            </a>\r\n
            <ul class="menu-sub d-none">\r\n
                <li class="menu-item">\r\n
                    <a class="menu-link" href="/assessments">\r\n
                        All Assessments\r\n
                    </a>\r\n
                </li>\r\n
                <li class="menu-item">\r\n
                    <a class="menu-link" href="/assessments/new-manual">\r\n
                        New Manual\r\n
                    </a>\r\n
                </li>\r\n
                <li class="menu-item">\r\n
                    <a class="menu-link" href="/assessments/video">\r\n
                        Capture Video\r\n
                    </a>\r\n
                </li>\r\n
                <li class="menu-item">\r\n
                    <a class="menu-link" href="/assessments/reviewer-queue">\r\n
                        Review Queue\r\n
                    </a>\r\n
                </li>\r\n
            </ul>\r\n
        </li>\r\n
\r\n
        <!-- Corrective Actions ΓÇö dropdown -->\r\n
                <li class="menu-item">\r\n
            <a href="javascript:void(0);" class="menu-link menu-toggle">\r\n
                <i class="menu-icon icon-base bi bi-check2-square"></i>\r\n
                <div data-i18n="Corrective Actions">Corrective Actions</div>\r\n
\r\n
            </a>\r\n
            <ul class="menu-sub d-none">\r\n
                <li class="menu-item">\r\n
                    <a class="menu-link" href="/corrective-actions/controls">\r\n
                        Controls\r\n
                    </a>\r\n
                </li>\r\n
                <li class="menu-item">\r\n
                    <a class="menu-link" href="/corrective-actions">\r\n
                        Actions\r\n
                    </a>\r\n
                </li>\r\n
                <li class="menu-item">\r\n
                    <a class="menu-link" href="/corrective-actions/recommendations">\r\n
                        Recommendations\r\n
                    </a>\r\n
                </li>\r\n
            </ul>\r\n
        </li>\r\n
\r\n
        <!-- Tasks ΓÇö single link -->\r\n
        <li class="menu-item">\r\n
            <a class="menu-link" href="/tasks">\r\n
                <i class="menu-icon icon-base bi bi-list-task"></i>\r\n
                <div data-i18n="Tasks">Tasks</div>\r\n
            </a>\r\n
        </li>\r\n
\r\n
                                <li class="menu-item active open">\r\n
                <a href="javascript:void(0);" class="menu-link menu-toggle">\r\n
                    <i class="menu-icon icon-base bi bi-chat-square-text"></i>\r\n
                    <div data-i18n="Worker Voice">Worker Voice</div>\r\n
                </a>\r\n
                <ul class="menu-sub">\r\n
                                            <li class="menu-item">\r\n
                            <a class="menu-link" href="/worker-voice">\r\n
                                Register\r\n
                            </a>\r\n
                        </li>\r\n
                                                                                    <li class="menu-item">\r\n
                            <a class="menu-link" href="/worker-voice/trends">\r\n
                                Trends\r\n
                            </a>\r\n
                        </li>\r\n
                        <li class="menu-item active">\r\n
                            <a class="menu-link" href="/worker-voice/supervisor/trends">\r\n
                                Supervisor Trends\r\n
                            </a>\r\n
                        </li>\r\n
                                    </ul>\r\n
            </li>\r\n
        \r\n
        <!-- ΓòÉΓòÉΓòÉΓòÉΓòÉΓòÉΓòÉΓòÉΓòÉΓòÉΓòÉ INSIGHTS ΓòÉΓòÉΓòÉΓòÉΓòÉΓòÉΓòÉΓòÉΓòÉΓòÉΓòÉ -->\r\n
        <li class="menu-header small text-uppercase text-muted fw-semibold">Insights</li>\r\n
\r\n
        <!-- Reporting ΓÇö dropdown -->\r\n
        \r\n
        <!-- ΓòÉΓòÉΓòÉΓòÉΓòÉΓòÉΓòÉΓòÉΓòÉΓòÉΓòÉ WORKSPACE ΓòÉΓòÉΓòÉΓòÉΓòÉΓòÉΓòÉΓòÉΓòÉΓòÉΓòÉ -->\r\n
        \r\n
        \r\n
        <!-- ΓòÉΓòÉΓòÉΓòÉΓòÉΓòÉΓòÉΓòÉΓòÉΓòÉΓòÉ ACCOUNT ΓòÉΓòÉΓòÉΓòÉΓòÉΓòÉΓòÉΓòÉΓòÉΓòÉΓòÉ -->\r\n
        <li class="menu-header small text-uppercase text-muted fw-semibold">Account</li>\r\n
\r\n
        <li class="menu-item">\r\n
            <a class="menu-link" href="/profile">\r\n
                <i class="menu-icon icon-base bi bi-person-circle"></i>\r\n
                <div data-i18n="My Profile">My Profile</div>\r\n
            </a>\r\n
        </li>\r\n
\r\n
        <li class="menu-item">\r\n
            <a class="menu-link" href="/subscriptions">\r\n
                <i class="menu-icon icon-base bi bi-credit-card"></i>\r\n
                <div data-i18n="Subscription">Subscription</div>\r\n
            </a>\r\n
        </li>\r\n
\r\n
        <!-- ΓòÉΓòÉΓòÉΓòÉΓòÉΓòÉΓòÉΓòÉΓòÉΓòÉΓòÉ ADMINISTRATION (super_admin + admin) ΓòÉΓòÉΓòÉΓòÉΓòÉΓòÉΓòÉΓòÉΓòÉΓòÉΓòÉ -->\r\n
        \r\n
        <!-- ΓòÉΓòÉΓòÉΓòÉΓòÉΓòÉΓòÉΓòÉΓòÉΓòÉΓòÉ PLATFORM (super_admin only) ΓòÉΓòÉΓòÉΓòÉΓòÉΓòÉΓòÉΓòÉΓòÉΓòÉΓòÉ -->\r\n
        \r\n
    </ul>\r\n
</aside>' matches PCRE pattern "/<li class="menu-item active open">\s*<a href="javascript:void\(0\);" class="menu-link menu-toggle">\s*<i class="menu-icon bi bi-chat-square-text"><\/i>\s*<div data-i18n="Worker Voice">Worker Voice<\/div>/s".

C:\xampp\htdocs\WorkEddy\v2\tests\Shared\SidebarActiveStateTest.php:43

4) WorkEddy\Tests\Shared\SidebarActiveStateTest::testContentLinkRendersUnderPlatformOnlyForPlatformContentPermissions
Failed asserting that '<aside id="layout-menu" class="layout-menu menu-vertical menu bg-menu-theme">\r\n
\r\n
    <!-- Brand -->\r\n
    <div class="app-brand demo">\r\n
        <a href="/dashboard" class="app-brand-link">\r\n
            <span class="app-brand-logo demo">\r\n
                <img src="/assets/img/logo.png" alt="WorkEddy" style="max-height: 32px; width: auto;" />\r\n
            </span>\r\n
            <span class="app-brand-text demo menu-text fw-bold ms-2">WorkEddy</span>\r\n
        </a>\r\n
        <a href="javascript:void(0);" class="layout-menu-toggle menu-link text-large ms-auto" id="sidebarDesktopToggle" aria-label="Collapse menu">\r\n
            <i class="bi bi-chevron-left"></i>\r\n
        </a>\r\n
    </div>\r\n
\r\n
    <div class="menu-inner-shadow"></div>\r\n
\r\n
    <!-- Menu -->\r\n
    <ul class="menu-inner py-1">\r\n
\r\n
        <!-- ΓòÉΓòÉΓòÉΓòÉΓòÉΓòÉΓòÉΓòÉΓòÉΓòÉΓòÉ MAIN ΓòÉΓòÉΓòÉΓòÉΓòÉΓòÉΓòÉΓòÉΓòÉΓòÉΓòÉ -->\r\n
        <li class="menu-header small text-uppercase text-muted fw-semibold">Main</li>\r\n
\r\n
        <li class="menu-item">\r\n
            <a class="menu-link" href="/dashboard">\r\n
                <i class="menu-icon icon-base bi bi-grid-1x2"></i>\r\n
                <div data-i18n="Dashboard">Dashboard</div>\r\n
            </a>\r\n
        </li>\r\n
\r\n
        <!-- ΓòÉΓòÉΓòÉΓòÉΓòÉΓòÉΓòÉΓòÉΓòÉΓòÉΓòÉ SAFETY ΓòÉΓòÉΓòÉΓòÉΓòÉΓòÉΓòÉΓòÉΓòÉΓòÉΓòÉ -->\r\n
        <li class="menu-header small text-uppercase text-muted fw-semibold">Safety</li>\r\n
\r\n
        <!-- Assessments ΓÇö dropdown -->\r\n
                <li class="menu-item">\r\n
            <a href="javascript:void(0);" class="menu-link menu-toggle">\r\n
                <i class="menu-icon icon-base bi bi-clipboard-pulse"></i>\r\n
                <div data-i18n="Assessments">Assessments</div>\r\n
\r\n
            </a>\r\n
            <ul class="menu-sub d-none">\r\n
                <li class="menu-item">\r\n
                    <a class="menu-link" href="/assessments">\r\n
                        All Assessments\r\n
                    </a>\r\n
                </li>\r\n
                <li class="menu-item">\r\n
                    <a class="menu-link" href="/assessments/new-manual">\r\n
                        New Manual\r\n
                    </a>\r\n
                </li>\r\n
                <li class="menu-item">\r\n
                    <a class="menu-link" href="/assessments/video">\r\n
                        Capture Video\r\n
                    </a>\r\n
                </li>\r\n
                <li class="menu-item">\r\n
                    <a class="menu-link" href="/assessments/reviewer-queue">\r\n
                        Review Queue\r\n
                    </a>\r\n
                </li>\r\n
            </ul>\r\n
        </li>\r\n
\r\n
        <!-- Corrective Actions ΓÇö dropdown -->\r\n
                <li class="menu-item">\r\n
            <a href="javascript:void(0);" class="menu-link menu-toggle">\r\n
                <i class="menu-icon icon-base bi bi-check2-square"></i>\r\n
                <div data-i18n="Corrective Actions">Corrective Actions</div>\r\n
\r\n
            </a>\r\n
            <ul class="menu-sub d-none">\r\n
                <li class="menu-item">\r\n
                    <a class="menu-link" href="/corrective-actions/controls">\r\n
                        Controls\r\n
                    </a>\r\n
                </li>\r\n
                <li class="menu-item">\r\n
                    <a class="menu-link" href="/corrective-actions">\r\n
                        Actions\r\n
                    </a>\r\n
                </li>\r\n
                <li class="menu-item">\r\n
                    <a class="menu-link" href="/corrective-actions/recommendations">\r\n
                        Recommendations\r\n
                    </a>\r\n
                </li>\r\n
            </ul>\r\n
        </li>\r\n
\r\n
        <!-- Tasks ΓÇö single link -->\r\n
        <li class="menu-item">\r\n
            <a class="menu-link" href="/tasks">\r\n
                <i class="menu-icon icon-base bi bi-list-task"></i>\r\n
                <div data-i18n="Tasks">Tasks</div>\r\n
            </a>\r\n
        </li>\r\n
\r\n
        \r\n
        <!-- ΓòÉΓòÉΓòÉΓòÉΓòÉΓòÉΓòÉΓòÉΓòÉΓòÉΓòÉ INSIGHTS ΓòÉΓòÉΓòÉΓòÉΓòÉΓòÉΓòÉΓòÉΓòÉΓòÉΓòÉ -->\r\n
        <li class="menu-header small text-uppercase text-muted fw-semibold">Insights</li>\r\n
\r\n
        <!-- Reporting ΓÇö dropdown -->\r\n
        \r\n
        <!-- ΓòÉΓòÉΓòÉΓòÉΓòÉΓòÉΓòÉΓòÉΓòÉΓòÉΓòÉ WORKSPACE ΓòÉΓòÉΓòÉΓòÉΓòÉΓòÉΓòÉΓòÉΓòÉΓòÉΓòÉ -->\r\n
        \r\n
        \r\n
        <!-- ΓòÉΓòÉΓòÉΓòÉΓòÉΓòÉΓòÉΓòÉΓòÉΓòÉΓòÉ ACCOUNT ΓòÉΓòÉΓòÉΓòÉΓòÉΓòÉΓòÉΓòÉΓòÉΓòÉΓòÉ -->\r\n
        <li class="menu-header small text-uppercase text-muted fw-semibold">Account</li>\r\n
\r\n
        <li class="menu-item">\r\n
            <a class="menu-link" href="/profile">\r\n
                <i class="menu-icon icon-base bi bi-person-circle"></i>\r\n
                <div data-i18n="My Profile">My Profile</div>\r\n
            </a>\r\n
        </li>\r\n
\r\n
        <li class="menu-item">\r\n
            <a class="menu-link" href="/subscriptions">\r\n
                <i class="menu-icon icon-base bi bi-credit-card"></i>\r\n
                <div data-i18n="Subscription">Subscription</div>\r\n
            </a>\r\n
        </li>\r\n
\r\n
        <!-- ΓòÉΓòÉΓòÉΓòÉΓòÉΓòÉΓòÉΓòÉΓòÉΓòÉΓòÉ ADMINISTRATION (super_admin + admin) ΓòÉΓòÉΓòÉΓòÉΓòÉΓòÉΓòÉΓòÉΓòÉΓòÉΓòÉ -->\r\n
        \r\n
        <!-- ΓòÉΓòÉΓòÉΓòÉΓòÉΓòÉΓòÉΓòÉΓòÉΓòÉΓòÉ PLATFORM (super_admin only) ΓòÉΓòÉΓòÉΓòÉΓòÉΓòÉΓòÉΓòÉΓòÉΓòÉΓòÉ -->\r\n
                    <li class="menu-header small text-uppercase text-muted fw-semibold">Platform</li>\r\n
\r\n
            \r\n
            \r\n
                            <li class="menu-item active">\r\n
                    <a class="menu-link" href="/content">\r\n
                        <i class="menu-icon icon-base bi bi-file-earmark-richtext"></i>\r\n
                        <div data-i18n="Content">Content</div>\r\n
                    </a>\r\n
                </li>\r\n
            \r\n
            \r\n
            \r\n
                    \r\n
    </ul>\r\n
</aside>' matches PCRE pattern "/<li class="menu-item active">\s*<a class="menu-link" href="\/content">\s*<i class="menu-icon bi bi-file-earmark-richtext"><\/i>\s*<div data-i18n="Content">Content<\/div>/s".

C:\xampp\htdocs\WorkEddy\v2\tests\Shared\SidebarActiveStateTest.php:68

5) WorkEddy\Tests\Website\PublicWebsiteDesignTest::testAboutDropdownPagesUseContentSpecificPresentationAndPublicAssets
Failed asserting that '<main>\r\n
  <section class="site-section contact-form-section mt-10">\r\n
    <div class="container">\r\n
      <div class="row g-5 align-items-start">\r\n
        <div class="col-lg-5">\r\n
          <span class="section-kicker">Start the Conversation</span>\r\n
          <h2 class="section-title">Tell us what kind of prevention work you want to explore.</h2>\r\n
          <p class="text-muted mb-4">Contact WorkEddy to request a pilot, schedule a product conversation, discuss research collaboration, ask about privacy and worker trust, or explore partnership opportunities.</p>\r\n
        </div>\r\n
        <div class="col-lg-7">\r\n
          <form class="contact-form" action="mailto:hello@workeddy.com" method="post" enctype="text/plain">\r\n
            <div class="row g-3">\r\n
              <div class="col-md-6">\r\n
                <label for="contact-name" class="form-label">Name</label>\r\n
                <input type="text" class="form-control" id="contact-name" name="name" required>\r\n
              </div>\r\n
              <div class="col-md-6">\r\n
                <label for="contact-organization" class="form-label">Organization</label>\r\n
                <input type="text" class="form-control" id="contact-organization" name="organization" required>\r\n
              </div>\r\n
              <div class="col-md-6">\r\n
                <label for="contact-email" class="form-label">Email Address</label>\r\n
                <input type="email" class="form-control" id="contact-email" name="email" required>\r\n
              </div>\r\n
              <div class="col-md-6">\r\n
                <label for="contact-role" class="form-label">Role or Title</label>\r\n
                <input type="text" class="form-control" id="contact-role" name="role">\r\n
              </div>\r\n
              <div class="col-md-6">\r\n
                <label for="contact-industry" class="form-label">Industry</label>\r\n
                <input type="text" class="form-control" id="contact-industry" name="industry">\r\n
              </div>\r\n
              <div class="col-md-6">\r\n
                <label for="contact-reason" class="form-label">Reason for Contact</label>\r\n
                <select class="form-select" id="contact-reason" name="reason" required>\r\n
                  <option value="">Select a reason</option>\r\n
                  <option>Request a Pilot</option>\r\n
                  <option>Schedule a Demo</option>\r\n
                  <option>Research Collaboration</option>\r\n
                  <option>Employer Inquiry</option>\r\n
                  <option>Privacy or Worker Trust Question</option>\r\n
                  <option>Partnership Opportunity</option>\r\n
                  <option>General Question</option>\r\n
                </select>\r\n
              </div>\r\n
              <div class="col-12">\r\n
                <label for="contact-message" class="form-label">Message</label>\r\n
                <textarea class="form-control" id="contact-message" name="message" rows="6" required></textarea>\r\n
              </div>\r\n
              <div class="col-12 d-flex flex-column flex-sm-row gap-3 align-items-sm-center">\r\n
                <button type="submit" class="btn btn-primary">Send Message <i class="bi bi-send ms-1"></i></button>\r\n
                <a href="mailto:pilots@workeddy.com" class="btn btn-outline-primary">Request a Pilot</a>\r\n
              </div>\r\n
            </div>\r\n
          </form>\r\n
        </div>\r\n
      </div>\r\n
    </div>\r\n
  </section>\r\n
\r\n
  <section class="site-section bg-white border-top">\r\n
    <div class="container text-center">\r\n
      <h2 class="h3 fw-bold text-dark mb-3">Let's build safer work before pain becomes routine.</h2>\r\n
      <a href="mailto:hello@workeddy.com" class="btn btn-primary">Talk to WorkEddy</a>\r\n
    </div>\r\n
  </section>\r\n
</main>' [ASCII](length: 3703) contains "contact-collaboration-pathways.png" [ASCII](length: 34).

C:\xampp\htdocs\WorkEddy\v2\tests\Website\PublicWebsiteDesignTest.php:133

ERRORS!
Tests: 137, Assertions: 1025, Errors: 3, Failures: 5.
